
==============================================

!Wed Apr 16 14:34:10 CEST 2025

Processing file TEST\counter.msgflow.
Successfully added file TEST\counter.msgflow to BAR file.

==============================================

!Wed Apr 16 14:34:10 CEST 2025

Processing file TEST\application.descriptor.
Successfully added file TEST\application.descriptor to BAR file.
Elapsed time: 0 second(s).

Successfully added file TEST\application.descriptor to BAR file.

==============================================

!Wed Apr 16 14:34:10 CEST 2025

Processing file TEST\application.descriptor.
Successfully added file TEST\application.descriptor to BAR file.
Elapsed time: 0 second(s).

Successfully added file TEST\application.descriptor to BAR file.

==============================================

!Wed Apr 16 14:34:10 CEST 2025

Processing file TEST\counter_Compute.esql.
Successfully added file TEST\counter_Compute.esql to BAR file.
